Traceback (most recent call last):
  File "D:\abdulhasan\Lib\site-packages\redis\asyncio\connection.py", line 274, in connect
    await self.retry.call_with_retry(
  File "D:\abdulhasan\Lib\site-packages\redis\asyncio\retry.py", line 59, in call_with_retry
    return await do()
           ^^^^^^^^^^
  File "D:\abdulhasan\Lib\site-packages\redis\asyncio\connection.py", line 681, in _connect
    reader, writer = await asyncio.open_connection(
                     ^^^^^^^^^^^^^^^^^^^^^^^^^^^^^^
  File "D:\abdulhasan\Lib\asyncio\streams.py", line 48, in open_connection
    transport, _ = await loop.create_connection(
                   ^^^^^^^^^^^^^^^^^^^^^^^^^^^^^
  File "D:\abdulhasan\Lib\asyncio\base_events.py", line 1122, in create_connection
    raise exceptions[0]
  File "D:\abdulhasan\Lib\asyncio\base_events.py", line 1104, in create_connection
    sock = await self._connect_sock(
           ^^^^^^^^^^^^^^^^^^^^^^^^^
  File "D:\abdulhasan\Lib\asyncio\base_events.py", line 1007, in _connect_sock
    await self.sock_connect(sock, address)
  File "D:\abdulhasan\Lib\asyncio\selector_events.py", line 651, in sock_connect
    return await fut
           ^^^^^^^^^
  File "D:\abdulhasan\Lib\asyncio\selector_events.py", line 691, in _sock_connect_cb
    raise OSError(err, f'Connect call failed {address}')
ConnectionRefusedError: [Errno 10061] Connect call failed ('127.0.0.1', 6379)

During handling of the above exception, another exception occurred:

Traceback (most recent call last):
  File "C:\Users\amira\OneDrive - Yalova Üniversitesi\Desktop\Startup project\Qr_menu APP\QR_\backend\orders\views.py", line 59, in perform_update
    instance = serializer.save()
               ^^^^^^^^^^^^^^^^^
  File "D:\abdulhasan\Lib\site-packages\rest_framework\serializers.py", line 203, in save
    self.instance = self.update(self.instance, validated_data)
                    ^^^^^^^^^^^^^^^^^^^^^^^^^^^^^^^^^^^^^^^^^^
  File "D:\abdulhasan\Lib\site-packages\rest_framework\serializers.py", line 1033, in update
    instance.save()
  File "C:\Users\amira\OneDrive - Yalova Üniversitesi\Desktop\Startup project\Qr_menu APP\QR_\backend\orders\models.py", line 78, in save
    super().save(*args, **kwargs)
  File "D:\abdulhasan\Lib\site-packages\django\db\models\base.py", line 874, in save
    self.save_base(
  File "D:\abdulhasan\Lib\site-packages\django\db\models\base.py", line 981, in save_base
    post_save.send(
  File "D:\abdulhasan\Lib\site-packages\django\dispatch\dispatcher.py", line 209, in send
    response = receiver(signal=self, sender=sender, **named)
               ^^^^^^^^^^^^^^^^^^^^^^^^^^^^^^^^^^^^^^^^^^^^^
  File "C:\Users\amira\OneDrive - Yalova Üniversitesi\Desktop\Startup project\Qr_menu APP\QR_\backend\orders\signals.py", line 23, in order_saved
    async_to_sync(channel_layer.group_send)(
  File "D:\abdulhasan\Lib\site-packages\asgiref\sync.py", line 325, in __call__
    return call_result.result()
           ^^^^^^^^^^^^^^^^^^^^
  File "D:\abdulhasan\Lib\concurrent\futures\_base.py", line 449, in result
    return self.__get_result()
           ^^^^^^^^^^^^^^^^^^^
  File "D:\abdulhasan\Lib\concurrent\futures\_base.py", line 401, in __get_result
    raise self._exception
  File "D:\abdulhasan\Lib\site-packages\asgiref\sync.py", line 365, in main_wrap
    result = await awaitable
             ^^^^^^^^^^^^^^^
  File "D:\abdulhasan\Lib\site-packages\channels_redis\core.py", line 518, in group_send
    await connection.zremrangebyscore(
  File "D:\abdulhasan\Lib\site-packages\redis\asyncio\client.py", line 605, in execute_command
    conn = self.connection or await pool.get_connection(command_name, **options)
                              ^^^^^^^^^^^^^^^^^^^^^^^^^^^^^^^^^^^^^^^^^^^^^^^^^^
  File "D:\abdulhasan\Lib\site-packages\redis\asyncio\connection.py", line 1076, in get_connection
    await self.ensure_connection(connection)
  File "D:\abdulhasan\Lib\site-packages\redis\asyncio\connection.py", line 1109, in ensure_connection
    await connection.connect()
  File "D:\abdulhasan\Lib\site-packages\redis\asyncio\connection.py", line 282, in connect
    raise ConnectionError(self._error_message(e))
redis.exceptions.ConnectionError: Error 10061 connecting to 127.0.0.1:6379. 10061.
